START 2026-09-10T16:23:43+00:00 commit=a4f561e19aed92139c8f94f8a6a2b670e3d2d342
CASE_START 2026-09-10T16:23:43+00:00 random_async_off
CASE_END 2026-09-10T16:51:59+00:00 random_async_off rc=0
CASE_START 2026-09-10T16:52:16+00:00 random_async_on
CASE_END 2026-09-10T17:19:34+00:00 random_async_on rc=0
CASE_START 2026-09-10T17:19:50+00:00 phased_async_on
CASE_END 2026-09-10T17:54:22+00:00 phased_async_on rc=0
CASE_START 2026-09-10T17:54:38+00:00 phased_async_off
CASE_END 2026-09-10T18:29:28+00:00 phased_async_off rc=0
CASE_START 2026-09-10T18:29:44+00:00 random_sync_on
CASE_END 2026-09-10T19:16:23+00:00 random_sync_on rc=0
CASE_START 2026-09-10T19:16:39+00:00 random_sync_off
START 2026-09-10T20:02:45+00:00 commit=a4f561e19aed92139c8f94f8a6a2b670e3d2d342
CASE_SKIP 2026-09-10T20:02:45+00:00 random_async_off
CASE_SKIP 2026-09-10T20:02:45+00:00 random_async_on
CASE_SKIP 2026-09-10T20:02:45+00:00 phased_async_on
CASE_SKIP 2026-09-10T20:02:45+00:00 phased_async_off
CASE_SKIP 2026-09-10T20:02:45+00:00 random_sync_on
CASE_SKIP 2026-09-10T20:02:45+00:00 random_sync_off
CASE_START 2026-09-10T20:02:45+00:00 phased_sync_off
CASE_END 2026-09-10T20:57:14+00:00 phased_sync_off rc=0
CASE_START 2026-09-10T20:57:30+00:00 phased_sync_on
CASE_END 2026-09-10T21:54:44+00:00 phased_sync_on rc=0
DONE 2026-09-10T21:55:00+00:00
